============================= test session starts =============================
platform win32 -- Python 3.13.2, pytest-9.0.2, pluggy-1.6.0 -- C:\Python313\python.exe
cachedir: .pytest_cache
rootdir: C:\Users\ADMIN\Documents\Meet\Projects\Portfolio-Stress-Testing\backend
plugins: anyio-4.12.1
collecting ... collected 0 items / 1 error

=================================== ERRORS ====================================
____________________ ERROR collecting tests/test_ingest.py ____________________
tests\test_ingest.py:2: in <module>
    from app.main import app
app\main.py:3: in <module>
    from app.api import endpoints
app\api\endpoints.py:4: in <module>
    @router.get("/")
     ^^^^^^
E   NameError: name 'router' is not defined
=========================== short test summary info ===========================
ERROR tests/test_ingest.py - NameError: name 'router' is not defined
!!!!!!!!!!!!!!!!!!! Interrupted: 1 error during collection !!!!!!!!!!!!!!!!!!!!
============================== 1 error in 1.23s ===============================
